Uncaught error from ./tests/tactical_map_test.ts [0m[31mFAILED[0m

[0m[1m[37m[41m ERRORS [0m

./tests/tactical_map_test.ts (uncaught error)
[0m[1m[31merror[0m: (in promise) ReferenceError: document is not defined
        this.container = document.getElementById('battle-map');
[0m[31m                         ^[0m
    at new [0m[1m[3mTacticalMap[0m ([0m[36mfile:///D:/I_Drive_Backup/Projects/necromunda_terminal_map/app.js[0m:[0m[33m8[0m:[0m[33m26[0m)
    at [0m[36mfile:///D:/I_Drive_Backup/Projects/necromunda_terminal_map/app.js[0m:[0m[33m730[0m:[0m[33m26[0m

    [0m[33minfo:[0m [4mdocument[24m global is not available in Deno.
    [0m[36mhint:[0m Use a library like [4mhappy-dom[24m, [4mdeno_dom[24m, [4mlinkedom[24m or [4mJSDom[24m
          and setup the [4mdocument[24m global according to the library documentation.
This error was not caught from a test and caused the test runner to fail on the referenced module.
It most likely originated from a dangling promise, event/timeout handler or top-level code.

[0m[1m[37m[41m FAILURES [0m

./tests/tactical_map_test.ts (uncaught error)

[0m[31mFAILED[0m | 0 passed | 1 failed [0m[38;5;245m(0ms)[0m

